To honour the JVM settings for this build a single-use Daemon process will be forked. For more on this, please refer to https://docs.gradle.org/8.11.1/userguide/gradle_daemon.html#sec:disabling_the_daemon in the Gradle documentation.
Daemon will be stopped at the end of the build 

> Configure project :app
WARNING: The option setting 'android.defaults.buildfeatures.buildconfig=true' is deprecated.
The current default is 'false'.
It will be removed in version 10.0 of the Android Gradle plugin.
To keep using this feature, add the following to your module-level build.gradle files:
    android.buildFeatures.buildConfig = true
or from Android Studio, click: `Refactor` > `Migrate BuildConfig to Gradle Build Files`.

> Task :clean
> Task :app:clean
> Task :app:preBuild UP-TO-DATE
> Task :app:preDebugBuild UP-TO-DATE
> Task :app:mergeDebugNativeDebugMetadata NO-SOURCE
> Task :app:checkKotlinGradlePluginConfigurationErrors SKIPPED
> Task :app:dataBindingMergeDependencyArtifactsDebug
> Task :app:generateDebugResValues
> Task :app:generateDebugResources
> Task :app:generateDebugBuildConfig
> Task :app:generateSafeArgsDebug
> Task :app:checkDebugAarMetadata
> Task :app:mapDebugSourceSetPaths
> Task :app:createDebugCompatibleScreenManifests
> Task :app:extractDeepLinksDebug
> Task :app:mergeDebugResources

> Task :app:processDebugMainManifest FAILED
/home/ich/src/LeOSium-nxg/app/src/main/AndroidManifest.xml Error:
	uses-sdk:minSdkVersion 21 cannot be smaller than version 26 declared in library [org.mozilla.components:feature-awesomebar:149.0.2] /home/ich/.gradle/caches/8.11.1/transforms/c206ef9b9f139bcf6993557f9ab71624/transformed/jetified-feature-awesomebar-149.0.2/AndroidManifest.xml as the library might be using APIs not available in 21
	Suggestion: use a compatible library with a minSdk of at most 21,
		or increase this project's minSdk version to at least 26,
		or use tools:overrideLibrary="mozilla.components.feature.awesomebar" to force usage (may lead to runtime failures)

See https://developer.android.com/r/studio-ui/build/manifest-merger for more information about the manifest merger.

[Incubating] Problems report is available at: file:///home/ich/src/LeOSium-nxg/build/reports/problems/problems-report.html

FAILURE: Build failed with an exception.

* What went wrong:
Execution failed for task ':app:processDebugMainManifest'.
> Manifest merger failed : uses-sdk:minSdkVersion 21 cannot be smaller than version 26 declared in library [org.mozilla.components:feature-awesomebar:149.0.2] /home/ich/.gradle/caches/8.11.1/transforms/c206ef9b9f139bcf6993557f9ab71624/transformed/jetified-feature-awesomebar-149.0.2/AndroidManifest.xml as the library might be using APIs not available in 21
  	Suggestion: use a compatible library with a minSdk of at most 21,
  		or increase this project's minSdk version to at least 26,
  		or use tools:overrideLibrary="mozilla.components.feature.awesomebar" to force usage (may lead to runtime failures)

* Try:
> Run with --stacktrace option to get the stack trace.
> Run with --info or --debug option to get more log output.
> Run with --scan to get full insights.
> Get more help at https://help.gradle.org.

Deprecated Gradle features were used in this build, making it incompatible with Gradle 9.0.

You can use '--warning-mode all' to show the individual deprecation warnings and determine if they come from your own scripts or plugins.

For more on this, please refer to https://docs.gradle.org/8.11.1/userguide/command_line_interface.html#sec:command_line_warnings in the Gradle documentation.

BUILD FAILED in 2m 20s
13 actionable tasks: 13 executed
